src/components/LocationSection.tsx(6,28): error TS6133: 'setMarkerLocation' is declared but its value is never read.
src/components/LocationSection.tsx(14,34): error TS2322: Type 'string | undefined' is not assignable to type 'string'.
  Type 'undefined' is not assignable to type 'string'.
src/components/MobileNavbar.tsx(3,10): error TS6133: 'IconMenu' is declared but its value is never read.
src/components/MobileNavbar.tsx(3,20): error TS6133: 'IconSearch' is declared but its value is never read.
src/pages/HomePage.tsx(2,1): error TS6133: 'GroundSection' is declared but its value is never read.
